// Jest Snapshot v1, https://goo.gl/fbAQLP

exports[`Testing the Header component The Header component should match the snapshot:  1`] = `
Object {
  "asFragment": [Function],
  "baseElement": <body>
    <div>
      <header>
        <a
          class="link"
          href="/"
        >
           
          <i
            class="fa-solid fa-house"
          />
        </a>
        <h2
          class="header-tag"
        >
          Explore The World
        </h2>
        <div
          class="header-controls"
        >
          <i
            class="fa-solid fa-microphone fa-2x"
          />
          <i
            class="fa-solid fa-gear fa-2x"
          />
        </div>
      </header>
    </div>
  </body>,
  "container": <div>
    <header>
      <a
        class="link"
        href="/"
      >
         
        <i
          class="fa-solid fa-house"
        />
      </a>
      <h2
        class="header-tag"
      >
        Explore The World
      </h2>
      <div
        class="header-controls"
      >
        <i
          class="fa-solid fa-microphone fa-2x"
        />
        <i
          class="fa-solid fa-gear fa-2x"
        />
      </div>
    </header>
  </div>,
  "debug": [Function],
  "findAllByAltText": [Function],
  "findAllByDisplayValue": [Function],
  "findAllByLabelText": [Function],
  "findAllByPlaceholderText": [Function],
  "findAllByRole": [Function],
  "findAllByTestId": [Function],
  "findAllByText": [Function],
  "findAllByTitle": [Function],
  "findByAltText": [Function],
  "findByDisplayValue": [Function],
  "findByLabelText": [Function],
  "findByPlaceholderText": [Function],
  "findByRole": [Function],
  "findByTestId": [Function],
  "findByText": [Function],
  "findByTitle": [Function],
  "getAllByAltText": [Function],
  "getAllByDisplayValue": [Function],
  "getAllByLabelText": [Function],
  "getAllByPlaceholderText": [Function],
  "getAllByRole": [Function],
  "getAllByTestId": [Function],
  "getAllByText": [Function],
  "getAllByTitle": [Function],
  "getByAltText": [Function],
  "getByDisplayValue": [Function],
  "getByLabelText": [Function],
  "getByPlaceholderText": [Function],
  "getByRole": [Function],
  "getByTestId": [Function],
  "getByText": [Function],
  "getByTitle": [Function],
  "queryAllByAltText": [Function],
  "queryAllByDisplayValue": [Function],
  "queryAllByLabelText": [Function],
  "queryAllByPlaceholderText": [Function],
  "queryAllByRole": [Function],
  "queryAllByTestId": [Function],
  "queryAllByText": [Function],
  "queryAllByTitle": [Function],
  "queryByAltText": [Function],
  "queryByDisplayValue": [Function],
  "queryByLabelText": [Function],
  "queryByPlaceholderText": [Function],
  "queryByRole": [Function],
  "queryByTestId": [Function],
  "queryByText": [Function],
  "queryByTitle": [Function],
  "rerender": [Function],
  "unmount": [Function],
}
`;
